
> win-a-world-championship-wiki@0.1.0 build:site
> next build

  ▲ Next.js 14.2.35

   Creating an optimized production build ...
 ✓ Compiled successfully
   Linting and checking validity of types ...
   Collecting page data ...
   Generating static pages (0/8) ...
   Generating static pages (2/8) 
   Generating static pages (4/8) 
   Generating static pages (6/8) 
 ✓ Generating static pages (8/8)
   Finalizing page optimization ...
   Collecting build traces ...

Route (app)                              Size     First Load JS
┌ ○ /                                    186 B          96.2 kB
├ ○ /_not-found                          138 B          87.5 kB
├ ○ /about                               186 B          96.2 kB
├ ○ /codes                               626 B          96.7 kB
├ ○ /privacy-policy                      186 B          96.2 kB
└ ○ /terms                               186 B          96.2 kB
+ First Load JS shared by all            87.4 kB
  ├ chunks/117-ab3869bd270a9f4c.js       31.9 kB
  ├ chunks/fd9d1056-3eee857bde8f3b06.js  53.6 kB
  └ other shared chunks (total)          1.86 kB


○  (Static)  prerendered as static content

